Executing as: root
Executing as: root
Executing as: root
Enter password: Enter password: Enter password: line 0: line 0: Cannot load input from '/mnt/c/Users/Asus/data_management_cw2_ethan_kevin/plot_solana_data.gnu'Cannot load input from '/mnt/c/Users/Asus/data_management_cw2_ethan_kevin/plot_ethereum_data.gnu'




set output '/mnt/c/Users/lowkp/data_management_cw2_ethan_kevin/bitcoin_price_plot.png'
Export successful: /mnt/c/Users/Asus/data_management_cw2_ethan_kevin/bitcoin_data.csv
                Export successful: /mnt/c/Users/Asus/data_management_cw2_ethan_kevin/solana_data.csv
        Export successful: /mnt/c/Users/Asus/data_management_cw2_ethan_kevin/ethereum_data.csv
                                                              ^
"/mnt/c/Users/Asus/data_management_cw2_ethan_kevin/plot_bitcoin_data.gnu" line 3: cannot open file; output not changed
system error: No such file or directory

Data inserted successfully.
Data inserted successfully.
Data inserted successfully.
line 0: Cannot load input from '/mnt/c/Users/Asus/data_management_cw2_ethan_kevin/plot_solana_data.gnu'

Executing as: root
Executing as: root
line 0: Cannot load input from '/mnt/c/Users/Asus/data_management_cw2_ethan_kevin/plot_ethereum_data.gnu'Executing as: root

set output '/mnt/c/Users/lowkp/data_management_cw2_ethan_kevin/bitcoin_price_plot.png'


   Enter password: Enter password:      Enter password:                                                Export successful: /mnt/c/Users/Asus/data_management_cw2_ethan_kevin/solana_data.csv
        Export successful: /mnt/c/Users/Asus/data_management_cw2_ethan_kevin/ethereum_data.csv
             Export successful: /mnt/c/Users/Asus/data_management_cw2_ethan_kevin/bitcoin_data.csv
          ^
"/mnt/c/Users/Asus/data_management_cw2_ethan_kevin/plot_bitcoin_data.gnu" line 3: cannot open file; output not changed
system error: No such file or directory

Data inserted successfully.
Data inserted successfully.
Data inserted successfully.
Executing as: root

set output '/mnt/c/Users/lowkp/data_management_cw2_ethan_kevin/bitcoin_price_plot.png'
Executing as: root
 Executing as: root
      Enter password: Enter password: Enter password:                                                                                Export successful: /mnt/c/Users/Asus/data_management_cw2_ethan_kevin/ethereum_data.csv
^
"/mnt/c/Users/Asus/data_management_cw2_ethan_kevin/plot_bitcoin_data.gnu" Export successful: /mnt/c/Users/Asus/data_management_cw2_ethan_kevin/bitcoin_data.csv
line 3: cannot open file; output not changed
system error: No such file or directory

Export successful: /mnt/c/Users/Asus/data_management_cw2_ethan_kevin/solana_data.csv
Data inserted successfully.
Data inserted successfully.
Data inserted successfully.
Executing as: root
Executing as: root
Executing as: root
Enter password: Enter password: Enter password: 
set output '/mnt/c/Users/lowkp/data_management_cw2_ethan_kevin/bitcoin_price_plot.png'
 
set output '/mnt/c/Users/lowkp/data_management_cw2_ethan_kevin/ethereum_price_plot.png'
                                                                                                 Export successful: /mnt/c/Users/Asus/data_management_cw2_ethan_kevin/bitcoin_data.csv
                          Export successful: /mnt/c/Users/Asus/data_management_cw2_ethan_kevin/ethereum_data.csv
          Export successful: /mnt/c/Users/Asus/data_management_cw2_ethan_kevin/solana_data.csv
                                    ^
 "/mnt/c/Users/Asus/data_management_cw2_ethan_kevin/plot_bitcoin_data.gnu"  line 3:  cannot open file; output not changed^

"/mnt/c/Users/Asus/data_management_cw2_ethan_kevin/plot_ethereum_data.gnu" system error: No such file or directory
line 3: 
cannot open file; output not changed
system error: No such file or directory

Data inserted successfully.
Data inserted successfully.
Data inserted successfully.
Executing as: root
Executing as: root
Executing as: root

set output '/mnt/c/Users/lowkp/data_management_cw2_ethan_kevin/bitcoin_price_plot.png'

set output '/mnt/c/Users/lowkp/data_management_cw2_ethan_kevin/solana_price_plot.png'
 
set output '/mnt/c/Users/lowkp/data_management_cw2_ethan_kevin/ethereum_price_plot.png'
    Enter password: Enter password: Enter password:                                                                                                                  Export successful: /mnt/c/Users/Asus/data_management_cw2_ethan_kevin/bitcoin_data.csv
           Export successful: /mnt/c/Users/Asus/data_management_cw2_ethan_kevin/solana_data.csv
      Export successful: /mnt/c/Users/Asus/data_management_cw2_ethan_kevin/ethereum_data.csv
                                                                                                                     ^
   "/mnt/c/Users/Asus/data_management_cw2_ethan_kevin/plot_solana_data.gnu"  ^
line 3: "/mnt/c/Users/Asus/data_management_cw2_ethan_kevin/plot_ethereum_data.gnu"  cannot open file; output not changed 
line 3: ^
system error: No such file or directory
cannot open file; output not changed"/mnt/c/Users/Asus/data_management_cw2_ethan_kevin/plot_bitcoin_data.gnu" 

line 3: system error: No such file or directory
cannot open file; output not changed

system error: No such file or directory

Data inserted successfully.
Data inserted successfully.
Data inserted successfully.

set output '/mnt/c/Users/lowkp/data_management_cw2_ethan_kevin/solana_price_plot.png'
 Executing as: root
Executing as: root
  
set output '/mnt/c/Users/lowkp/data_management_cw2_ethan_kevin/ethereum_price_plot.png'

set output '/mnt/c/Users/lowkp/data_management_cw2_ethan_kevin/bitcoin_price_plot.png'
 Executing as: root
                Enter password:    Enter password:            Enter password:                                                                                                        Export successful: /mnt/c/Users/Asus/data_management_cw2_ethan_kevin/bitcoin_data.csv
            Export successful: /mnt/c/Users/Asus/data_management_cw2_ethan_kevin/ethereum_data.csv
                                                 Export successful: /mnt/c/Users/Asus/data_management_cw2_ethan_kevin/solana_data.csv
                 ^
  "/mnt/c/Users/Asus/data_management_cw2_ethan_kevin/plot_solana_data.gnu"   line 3:   cannot open file; output not changed  
  system error: No such file or directory
 
                          ^
 "/mnt/c/Users/Asus/data_management_cw2_ethan_kevin/plot_bitcoin_data.gnu"  line 3:  cannot open file; output not changed 
system error: No such file or directory
 
 ^
"/mnt/c/Users/Asus/data_management_cw2_ethan_kevin/plot_ethereum_data.gnu" line 3: cannot open file; output not changed
system error: No such file or directory

Data inserted successfully.
Data inserted successfully.
Data inserted successfully.

set output '/mnt/c/Users/lowkp/data_management_cw2_ethan_kevin/solana_price_plot.png'
   
set output '/mnt/c/Users/lowkp/data_management_cw2_ethan_kevin/bitcoin_price_plot.png'

set output '/mnt/c/Users/lowkp/data_management_cw2_ethan_kevin/ethereum_price_plot.png'
 Executing as: root
Executing as: root
     Executing as: root
                    Enter password: Enter password:       Enter password:                                                                                           Export successful: /mnt/c/Users/Asus/data_management_cw2_ethan_kevin/ethereum_data.csv
               Export successful: /mnt/c/Users/Asus/data_management_cw2_ethan_kevin/bitcoin_data.csv
                                                           Export successful: /mnt/c/Users/Asus/data_management_cw2_ethan_kevin/solana_data.csv
                             ^
  "/mnt/c/Users/Asus/data_management_cw2_ethan_kevin/plot_solana_data.gnu"    line 3:   cannot open file; output not changed  
  system error: No such file or directory
  
                 ^
^
"/mnt/c/Users/Asus/data_management_cw2_ethan_kevin/plot_ethereum_data.gnu" line 3: "/mnt/c/Users/Asus/data_management_cw2_ethan_kevin/plot_bitcoin_data.gnu" cannot open file; output not changedline 3: 
cannot open file; output not changedsystem error: No such file or directory


system error: No such file or directory

Data inserted successfully.
Data inserted successfully.
Data inserted successfully.
Executing as: root

set output '/mnt/c/Users/lowkp/data_management_cw2_ethan_kevin/ethereum_price_plot.png'
Executing as: root
Executing as: root
    
set output '/mnt/c/Users/lowkp/data_management_cw2_ethan_kevin/bitcoin_price_plot.png'
    Enter password:    Enter password:        Enter password:                   "/mnt/c/Users/Asus/data_management_cw2_ethan_kevin/plot_solana_data.gnu"  line 20:    warning: Cannot find or open file "/mnt/c/Users/Asus/data_management_cw2_ethan_kevin/solana_data.csv"  
                Export successful: /mnt/c/Users/Asus/data_management_cw2_ethan_kevin/solana_data.csv
                   Export successful: /mnt/c/Users/Asus/data_management_cw2_ethan_kevin/ethereum_data.csv
                               Export successful: /mnt/c/Users/Asus/data_management_cw2_ethan_kevin/bitcoin_data.csv
                                                          ^
 "/mnt/c/Users/Asus/data_management_cw2_ethan_kevin/plot_ethereum_data.gnu"  line 3:  cannot open file; output not changed 
system error: No such file or directory
 
  ^
"/mnt/c/Users/Asus/data_management_cw2_ethan_kevin/plot_bitcoin_data.gnu" line 3: cannot open file; output not changed
system error: No such file or directory

Data inserted successfully.
Data inserted successfully.
Data inserted successfully.
Executing as: root
Executing as: root
Executing as: root
Enter password: Enter password: 
set output '/mnt/c/Users/lowkp/data_management_cw2_ethan_kevin/ethereum_price_plot.png'
     Enter password:                      "/mnt/c/Users/Asus/data_management_cw2_ethan_kevin/plot_bitcoin_data.gnu" line 20:   warning: Cannot find or open file "/mnt/c/Users/Asus/data_management_cw2_ethan_kevin/bitcoin_data.csv" 
   Export successful: /mnt/c/Users/Asus/data_management_cw2_ethan_kevin/solana_data.csv
              Export successful: /mnt/c/Users/Asus/data_management_cw2_ethan_kevin/bitcoin_data.csv
         Export successful: /mnt/c/Users/Asus/data_management_cw2_ethan_kevin/ethereum_data.csv
                                ^
"/mnt/c/Users/Asus/data_management_cw2_ethan_kevin/plot_ethereum_data.gnu" line 3: cannot open file; output not changed
system error: No such file or directory

Data inserted successfully.
Data inserted successfully.
Data inserted successfully.
Executing as: root
Executing as: root
Executing as: root
Enter password: Enter password: Enter password: Export successful: /mnt/c/Users/Asus/data_management_cw2_ethan_kevin/solana_data.csv
Export successful: /mnt/c/Users/Asus/data_management_cw2_ethan_kevin/bitcoin_data.csv
Export successful: /mnt/c/Users/Asus/data_management_cw2_ethan_kevin/ethereum_data.csv
Data inserted successfully.
Data inserted successfully.
Data inserted successfully.
Executing as: root
Executing as: root
Executing as: root
Enter password: Enter password: Enter password: "/mnt/c/Users/Asus/data_management_cw2_ethan_kevin/plot_ethereum_data.gnu" line 20: warning: Cannot find or open file "/mnt/c/Users/Asus/data_management_cw2_ethan_kevin/ethereum_data.csv"
Export successful: /mnt/c/Users/Asus/data_management_cw2_ethan_kevin/ethereum_data.csv
Export successful: /mnt/c/Users/Asus/data_management_cw2_ethan_kevin/solana_data.csv
Export successful: /mnt/c/Users/Asus/data_management_cw2_ethan_kevin/bitcoin_data.csv
Data inserted successfully.
Data inserted successfully.
Data inserted successfully.
Executing as: root
Executing as: root
Executing as: root
Enter password: Enter password: Enter password: "/mnt/c/Users/Asus/data_management_cw2_ethan_kevin/plot_bitcoin_data.gnu" line 20: warning: Cannot find or open file "/mnt/c/Users/Asus/data_management_cw2_ethan_kevin/bitcoin_data.csv"
"/mnt/c/Users/Asus/data_management_cw2_ethan_kevin/plot_solana_data.gnu" line 20: warning: Cannot find or open file "/mnt/c/Users/Asus/data_management_cw2_ethan_kevin/solana_data.csv"
"/mnt/c/Users/Asus/data_management_cw2_ethan_kevin/plot_solana_data.gnu" line 20: Export successful: /mnt/c/Users/Asus/data_management_cw2_ethan_kevin/ethereum_data.csv
warning: Cannot find or open file "/mnt/c/Users/Asus/data_management_cw2_ethan_kevin/solana_data.csv"
Export successful: /mnt/c/Users/Asus/data_management_cw2_ethan_kevin/bitcoin_data.csv
Export successful: /mnt/c/Users/Asus/data_management_cw2_ethan_kevin/solana_data.csv
Warning: empty y range [234.59:234.59], adjusting to [232.244:236.936]
Data inserted successfully.
Data inserted successfully.
Data inserted successfully.
Executing as: root
Executing as: root
Executing as: root
Enter password: Enter password: Enter password: "/mnt/c/Users/Asus/data_management_cw2_ethan_kevin/plot_solana_data.gnu" line 20: warning: Cannot find or open file "/mnt/c/Users/Asus/data_management_cw2_ethan_kevin/solana_data.csv"
Export successful: /mnt/c/Users/Asus/data_management_cw2_ethan_kevin/bitcoin_data.csv
Export successful: /mnt/c/Users/Asus/data_management_cw2_ethan_kevin/solana_data.csv
Export successful: /mnt/c/Users/Asus/data_management_cw2_ethan_kevin/ethereum_data.csv
Data inserted successfully.
Data inserted successfully.
Data inserted successfully.
Executing as: root
Executing as: root
Executing as: root
Enter password: Enter password: Enter password: "/mnt/c/Users/Asus/data_management_cw2_ethan_kevin/plot_bitcoin_data.gnu" line 20: warning: Cannot find or open file "/mnt/c/Users/Asus/data_management_cw2_ethan_kevin/bitcoin_data.csv"
"/mnt/c/Users/Asus/data_management_cw2_ethan_kevin/plot_ethereum_data.gnu" line 20: Export successful: /mnt/c/Users/Asus/data_management_cw2_ethan_kevin/bitcoin_data.csv
warning: Cannot find or open file "/mnt/c/Users/Asus/data_management_cw2_ethan_kevin/ethereum_data.csv"
Export successful: /mnt/c/Users/Asus/data_management_cw2_ethan_kevin/solana_data.csv
Export successful: /mnt/c/Users/Asus/data_management_cw2_ethan_kevin/ethereum_data.csv
Data inserted successfully.
Data inserted successfully.
Data inserted successfully.
Executing as: root
Executing as: root
Executing as: root
Enter password: Enter password: Enter password: "/mnt/c/Users/Asus/data_management_cw2_ethan_kevin/plot_bitcoin_data.gnu" line 20: warning: Cannot find or open file "/mnt/c/Users/Asus/data_management_cw2_ethan_kevin/bitcoin_data.csv"
Export successful: /mnt/c/Users/Asus/data_management_cw2_ethan_kevin/bitcoin_data.csv
Export successful: /mnt/c/Users/Asus/data_management_cw2_ethan_kevin/ethereum_data.csv
Export successful: /mnt/c/Users/Asus/data_management_cw2_ethan_kevin/solana_data.csv
Data inserted successfully.
Data inserted successfully.
Data inserted successfully.
Executing as: root
Executing as: root
Executing as: root
Enter password: Enter password: Enter password: "/mnt/c/Users/Asus/data_management_cw2_ethan_kevin/plot_bitcoin_data.gnu" line 20: warning: Cannot find or open file "/mnt/c/Users/Asus/data_management_cw2_ethan_kevin/bitcoin_data.csv"
Export successful: /mnt/c/Users/Asus/data_management_cw2_ethan_kevin/solana_data.csv
Export successful: /mnt/c/Users/Asus/data_management_cw2_ethan_kevin/ethereum_data.csv
Export successful: /mnt/c/Users/Asus/data_management_cw2_ethan_kevin/bitcoin_data.csv
Data inserted successfully.
Data inserted successfully.
Data inserted successfully.
Executing as: root
Executing as: root
Executing as: root
Enter password: Enter password: Enter password: "/mnt/c/Users/Asus/data_management_cw2_ethan_kevin/plot_solana_data.gnu" Export successful: /mnt/c/Users/Asus/data_management_cw2_ethan_kevin/bitcoin_data.csv
line 20: warning: Cannot find or open file "/mnt/c/Users/Asus/data_management_cw2_ethan_kevin/solana_data.csv"Export successful: /mnt/c/Users/Asus/data_management_cw2_ethan_kevin/ethereum_data.csv

Export successful: /mnt/c/Users/Asus/data_management_cw2_ethan_kevin/solana_data.csv
Data inserted successfully.
Data inserted successfully.
Data inserted successfully.
Executing as: root
Executing as: root
Executing as: root
Enter password: Enter password: Enter password: "/mnt/c/Users/Asus/data_management_cw2_ethan_kevin/plot_solana_data.gnu" line 20: warning: Cannot find or open file "/mnt/c/Users/Asus/data_management_cw2_ethan_kevin/solana_data.csv"
Export successful: /mnt/c/Users/Asus/data_management_cw2_ethan_kevin/solana_data.csv
Export successful: /mnt/c/Users/Asus/data_management_cw2_ethan_kevin/bitcoin_data.csv
Export successful: /mnt/c/Users/Asus/data_management_cw2_ethan_kevin/ethereum_data.csv
Data inserted successfully.
Data inserted successfully.
Data inserted successfully.
Executing as: root
Executing as: root
Executing as: root
Enter password: Enter password: Enter password: "/mnt/c/Users/Asus/data_management_cw2_ethan_kevin/plot_bitcoin_data.gnu" Export successful: /mnt/c/Users/Asus/data_management_cw2_ethan_kevin/ethereum_data.csv
line 20: warning: Cannot find or open file "/mnt/c/Users/Asus/data_management_cw2_ethan_kevin/bitcoin_data.csv"
Export successful: /mnt/c/Users/Asus/data_management_cw2_ethan_kevin/solana_data.csv
Export successful: /mnt/c/Users/Asus/data_management_cw2_ethan_kevin/bitcoin_data.csv
Data inserted successfully.
Data inserted successfully.
Data inserted successfully.
Executing as: root
Executing as: root
Executing as: root
Enter password: Enter password: Enter password: "/mnt/c/Users/Asus/data_management_cw2_ethan_kevin/plot_ethereum_data.gnu" line 20: warning: Cannot find or open file "/mnt/c/Users/Asus/data_management_cw2_ethan_kevin/ethereum_data.csv"
Export successful: /mnt/c/Users/Asus/data_management_cw2_ethan_kevin/solana_data.csv
Export successful: /mnt/c/Users/Asus/data_management_cw2_ethan_kevin/ethereum_data.csv
Export successful: /mnt/c/Users/Asus/data_management_cw2_ethan_kevin/bitcoin_data.csv
Data inserted successfully.
Data inserted successfully.
Data inserted successfully.
Executing as: root
Executing as: root
Executing as: root
Enter password: Enter password: Enter password: "/mnt/c/Users/Asus/data_management_cw2_ethan_kevin/plot_ethereum_data.gnu" line 20: warning: Cannot find or open file "/mnt/c/Users/Asus/data_management_cw2_ethan_kevin/ethereum_data.csv"
Export successful: /mnt/c/Users/Asus/data_management_cw2_ethan_kevin/ethereum_data.csv
Export successful: /mnt/c/Users/Asus/data_management_cw2_ethan_kevin/solana_data.csv
Export successful: /mnt/c/Users/Asus/data_management_cw2_ethan_kevin/bitcoin_data.csv
Data inserted successfully.
Data inserted successfully.
Data inserted successfully.
Executing as: root
Executing as: root
Executing as: root
Enter password: Enter password: Enter password: "/mnt/c/Users/Asus/data_management_cw2_ethan_kevin/plot_ethereum_data.gnu" line 20: warning: Cannot find or open file "/mnt/c/Users/Asus/data_management_cw2_ethan_kevin/ethereum_data.csv"
"/mnt/c/Users/Asus/data_management_cw2_ethan_kevin/plot_bitcoin_data.gnu" line 20: warning: Cannot find or open file "/mnt/c/Users/Asus/data_management_cw2_ethan_kevin/bitcoin_data.csv"
Export successful: /mnt/c/Users/Asus/data_management_cw2_ethan_kevin/ethereum_data.csv
Export successful: /mnt/c/Users/Asus/data_management_cw2_ethan_kevin/bitcoin_data.csv
Export successful: /mnt/c/Users/Asus/data_management_cw2_ethan_kevin/solana_data.csv
Data inserted successfully.
Data inserted successfully.
Data inserted successfully.
Executing as: root
Executing as: root
Executing as: root
Enter password: Enter password: Enter password: Export successful: /mnt/c/Users/Asus/data_management_cw2_ethan_kevin/ethereum_data.csv
Export successful: /mnt/c/Users/Asus/data_management_cw2_ethan_kevin/bitcoin_data.csv
Export successful: /mnt/c/Users/Asus/data_management_cw2_ethan_kevin/solana_data.csv
Data inserted successfully.
Data inserted successfully.
Data inserted successfully.
Executing as: root
Executing as: root
Executing as: root
Enter password: Enter password: Enter password: Export successful: /mnt/c/Users/Asus/data_management_cw2_ethan_kevin/solana_data.csv
Export successful: /mnt/c/Users/Asus/data_management_cw2_ethan_kevin/bitcoin_data.csv
Export successful: /mnt/c/Users/Asus/data_management_cw2_ethan_kevin/ethereum_data.csv
Data inserted successfully.
Data inserted successfully.
Data inserted successfully.
Executing as: root
Executing as: root
Executing as: root
Enter password: Enter password: Enter password: "/mnt/c/Users/Asus/data_management_cw2_ethan_kevin/plot_solana_data.gnu" line 20: warning: Cannot find or open file "/mnt/c/Users/Asus/data_management_cw2_ethan_kevin/solana_data.csv"
Export successful: /mnt/c/Users/Asus/data_management_cw2_ethan_kevin/ethereum_data.csv
Export successful: /mnt/c/Users/Asus/data_management_cw2_ethan_kevin/solana_data.csv
Export successful: /mnt/c/Users/Asus/data_management_cw2_ethan_kevin/bitcoin_data.csv
Data inserted successfully.
Data inserted successfully.
Data inserted successfully.
Executing as: root
Executing as: root
Executing as: root
Enter password: Enter password: Enter password: "/mnt/c/Users/Asus/data_management_cw2_ethan_kevin/plot_bitcoin_data.gnu" line 20: warning: Cannot find or open file "/mnt/c/Users/Asus/data_management_cw2_ethan_kevin/bitcoin_data.csv"
"/mnt/c/Users/Asus/data_management_cw2_ethan_kevin/plot_bitcoin_data.gnu" line 20: "/mnt/c/Users/Asus/data_management_cw2_ethan_kevin/plot_ethereum_data.gnu" warning: line 20: Cannot find or open file "/mnt/c/Users/Asus/data_management_cw2_ethan_kevin/bitcoin_data.csv"warning: 
Cannot find or open file "/mnt/c/Users/Asus/data_management_cw2_ethan_kevin/ethereum_data.csv"
"/mnt/c/Users/Asus/data_management_cw2_ethan_kevin/plot_ethereum_data.gnu" line 20: warning: Cannot find or open file "/mnt/c/Users/Asus/data_management_cw2_ethan_kevin/ethereum_data.csv"
Export successful: /mnt/c/Users/Asus/data_management_cw2_ethan_kevin/bitcoin_data.csv
Export successful: /mnt/c/Users/Asus/data_management_cw2_ethan_kevin/ethereum_data.csv
Export successful: /mnt/c/Users/Asus/data_management_cw2_ethan_kevin/solana_data.csv
Data inserted successfully.
Data inserted successfully.
Data inserted successfully.
Executing as: root
Executing as: root
Executing as: root
Enter password: Enter password: Enter password: "/mnt/c/Users/Asus/data_management_cw2_ethan_kevin/plot_ethereum_data.gnu" line 20: warning: Cannot find or open file "/mnt/c/Users/Asus/data_management_cw2_ethan_kevin/ethereum_data.csv"
"/mnt/c/Users/Asus/data_management_cw2_ethan_kevin/plot_bitcoin_data.gnu" line 20: warning: Cannot find or open file "/mnt/c/Users/Asus/data_management_cw2_ethan_kevin/bitcoin_data.csv"
Export successful: /mnt/c/Users/Asus/data_management_cw2_ethan_kevin/ethereum_data.csv
Export successful: /mnt/c/Users/Asus/data_management_cw2_ethan_kevin/bitcoin_data.csv
Export successful: /mnt/c/Users/Asus/data_management_cw2_ethan_kevin/solana_data.csv
Data inserted successfully.
Data inserted successfully.
Data inserted successfully.
Executing as: root
Enter password: Executing as: root
Executing as: root
Enter password: Enter password: "/mnt/c/Users/Asus/data_management_cw2_ethan_kevin/plot_ethereum_data.gnu" line 20: warning: Cannot find or open file "/mnt/c/Users/Asus/data_management_cw2_ethan_kevin/ethereum_data.csv"
Export successful: /mnt/c/Users/Asus/data_management_cw2_ethan_kevin/ethereum_data.csv
Export successful: /mnt/c/Users/Asus/data_management_cw2_ethan_kevin/bitcoin_data.csv
Export successful: /mnt/c/Users/Asus/data_management_cw2_ethan_kevin/solana_data.csv
Data inserted successfully.
Data inserted successfully.
Data inserted successfully.
Executing as: root
Executing as: root
Executing as: root
Enter password: Enter password: Enter password: "/mnt/c/Users/Asus/data_management_cw2_ethan_kevin/plot_solana_data.gnu" line 20: warning: Cannot find or open file "/mnt/c/Users/Asus/data_management_cw2_ethan_kevin/solana_data.csv"
Export successful: /mnt/c/Users/Asus/data_management_cw2_ethan_kevin/solana_data.csv
Export successful: /mnt/c/Users/Asus/data_management_cw2_ethan_kevin/bitcoin_data.csv
Export successful: /mnt/c/Users/Asus/data_management_cw2_ethan_kevin/ethereum_data.csv
Data inserted successfully.
Data inserted successfully.
Data inserted successfully.
Executing as: root
Executing as: root
Executing as: root
Enter password: Enter password: Enter password: "/mnt/c/Users/Asus/data_management_cw2_ethan_kevin/plot_ethereum_data.gnu" line 20: warning: Cannot find or open file "/mnt/c/Users/Asus/data_management_cw2_ethan_kevin/ethereum_data.csv"
Export successful: /mnt/c/Users/Asus/data_management_cw2_ethan_kevin/solana_data.csv
Export successful: /mnt/c/Users/Asus/data_management_cw2_ethan_kevin/ethereum_data.csv
Export successful: /mnt/c/Users/Asus/data_management_cw2_ethan_kevin/bitcoin_data.csv
Data inserted successfully.
Data inserted successfully.
Data inserted successfully.
Executing as: root
Executing as: root
Executing as: root
Enter password: Enter password: Enter password: Export successful: /mnt/c/Users/Asus/data_management_cw2_ethan_kevin/bitcoin_data.csv
Export successful: /mnt/c/Users/Asus/data_management_cw2_ethan_kevin/solana_data.csv
Export successful: /mnt/c/Users/Asus/data_management_cw2_ethan_kevin/ethereum_data.csv
Data inserted successfully.
Data inserted successfully.
Data inserted successfully.
Executing as: root
Executing as: root
Executing as: root
Enter password: Enter password: Enter password: Export successful: /mnt/c/Users/Asus/data_management_cw2_ethan_kevin/ethereum_data.csv
Export successful: /mnt/c/Users/Asus/data_management_cw2_ethan_kevin/bitcoin_data.csv
Export successful: /mnt/c/Users/Asus/data_management_cw2_ethan_kevin/solana_data.csv
Data inserted successfully.
Data inserted successfully.
Data inserted successfully.
Executing as: root
Executing as: root
Executing as: root
Enter password: Enter password: Enter password: "/mnt/c/Users/Asus/data_management_cw2_ethan_kevin/plot_solana_data.gnu" line 20: warning: Cannot find or open file "/mnt/c/Users/Asus/data_management_cw2_ethan_kevin/solana_data.csv"
"/mnt/c/Users/Asus/data_management_cw2_ethan_kevin/plot_ethereum_data.gnu" line 20: warning: Cannot find or open file "/mnt/c/Users/Asus/data_management_cw2_ethan_kevin/ethereum_data.csv"
"/mnt/c/Users/Asus/data_management_cw2_ethan_kevin/plot_bitcoin_data.gnu" line 20: warning: Cannot find or open file "/mnt/c/Users/Asus/data_management_cw2_ethan_kevin/bitcoin_data.csv"
Export successful: /mnt/c/Users/Asus/data_management_cw2_ethan_kevin/solana_data.csv
Export successful: /mnt/c/Users/Asus/data_management_cw2_ethan_kevin/ethereum_data.csv
Export successful: /mnt/c/Users/Asus/data_management_cw2_ethan_kevin/bitcoin_data.csv
Data inserted successfully.
Data inserted successfully.
Data inserted successfully.
Executing as: root
Executing as: root
Executing as: root
Enter password: Enter password: Enter password: "/mnt/c/Users/Asus/data_management_cw2_ethan_kevin/plot_bitcoin_data.gnu" line 20: warning: Cannot find or open file "/mnt/c/Users/Asus/data_management_cw2_ethan_kevin/bitcoin_data.csv"
"/mnt/c/Users/Asus/data_management_cw2_ethan_kevin/plot_bitcoin_data.gnu" line 20: warning: Cannot find or open file "/mnt/c/Users/Asus/data_management_cw2_ethan_kevin/bitcoin_data.csv"
"/mnt/c/Users/Asus/data_management_cw2_ethan_kevin/plot_ethereum_data.gnu" line 20: warning: Cannot find or open file "/mnt/c/Users/Asus/data_management_cw2_ethan_kevin/ethereum_data.csv"Export successful: /mnt/c/Users/Asus/data_management_cw2_ethan_kevin/bitcoin_data.csv

"/mnt/c/Users/Asus/data_management_cw2_ethan_kevin/plot_ethereum_data.gnu" line 20: warning: Cannot find or open file "/mnt/c/Users/Asus/data_management_cw2_ethan_kevin/ethereum_data.csv"
Export successful: /mnt/c/Users/Asus/data_management_cw2_ethan_kevin/solana_data.csv
Export successful: /mnt/c/Users/Asus/data_management_cw2_ethan_kevin/ethereum_data.csv
Warning: empty y range [3973.54:3973.54], adjusting to [3933.8:4013.28]
Data inserted successfully.
Data inserted successfully.
Data inserted successfully.
Executing as: root
Executing as: root
Executing as: root
Enter password: Enter password: Enter password: "/mnt/c/Users/Asus/data_management_cw2_ethan_kevin/plot_solana_data.gnu" line 20: warning: Cannot find or open file "/mnt/c/Users/Asus/data_management_cw2_ethan_kevin/solana_data.csv"
Export successful: /mnt/c/Users/Asus/data_management_cw2_ethan_kevin/bitcoin_data.csv
Export successful: /mnt/c/Users/Asus/data_management_cw2_ethan_kevin/ethereum_data.csv
Export successful: /mnt/c/Users/Asus/data_management_cw2_ethan_kevin/solana_data.csv
Data inserted successfully.
Data inserted successfully.
Data inserted successfully.
Executing as: root
Executing as: root
Executing as: root
Enter password: Enter password: Enter password: "/mnt/c/Users/Asus/data_management_cw2_ethan_kevin/plot_bitcoin_data.gnu" line 20: warning: Cannot find or open file "/mnt/c/Users/Asus/data_management_cw2_ethan_kevin/bitcoin_data.csv"
Export successful: /mnt/c/Users/Asus/data_management_cw2_ethan_kevin/bitcoin_data.csv
Export successful: /mnt/c/Users/Asus/data_management_cw2_ethan_kevin/ethereum_data.csv
Export successful: /mnt/c/Users/Asus/data_management_cw2_ethan_kevin/solana_data.csv
Data inserted successfully.
Data inserted successfully.
Data inserted successfully.
Executing as: root
Executing as: root
Executing as: root
Enter password: Enter password: Enter password: "/mnt/c/Users/Asus/data_management_cw2_ethan_kevin/plot_solana_data.gnu" line 20: warning: Cannot find or open file "/mnt/c/Users/Asus/data_management_cw2_ethan_kevin/solana_data.csv"
"/mnt/c/Users/Asus/data_management_cw2_ethan_kevin/plot_bitcoin_data.gnu" line 20: warning: Export successful: /mnt/c/Users/Asus/data_management_cw2_ethan_kevin/solana_data.csv
Cannot find or open file "/mnt/c/Users/Asus/data_management_cw2_ethan_kevin/bitcoin_data.csv"
Export successful: /mnt/c/Users/Asus/data_management_cw2_ethan_kevin/bitcoin_data.csv
Export successful: /mnt/c/Users/Asus/data_management_cw2_ethan_kevin/ethereum_data.csv
Data inserted successfully.
Data inserted successfully.
Data inserted successfully.
Executing as: root
Executing as: root
Executing as: root
Enter password: Enter password: Enter password: "/mnt/c/Users/Asus/data_management_cw2_ethan_kevin/plot_ethereum_data.gnu" line 20: warning: Cannot find or open file "/mnt/c/Users/Asus/data_management_cw2_ethan_kevin/ethereum_data.csv"
"/mnt/c/Users/Asus/data_management_cw2_ethan_kevin/plot_ethereum_data.gnu" line 20: warning: Cannot find or open file "/mnt/c/Users/Asus/data_management_cw2_ethan_kevin/ethereum_data.csv"
Export successful: /mnt/c/Users/Asus/data_management_cw2_ethan_kevin/bitcoin_data.csv
Export successful: /mnt/c/Users/Asus/data_management_cw2_ethan_kevin/ethereum_data.csv
Export successful: /mnt/c/Users/Asus/data_management_cw2_ethan_kevin/solana_data.csv
Data inserted successfully.
Data inserted successfully.
Data inserted successfully.
Executing as: root
Executing as: root
Executing as: root
Enter password: Enter password: Enter password: "/mnt/c/Users/Asus/data_management_cw2_ethan_kevin/plot_ethereum_data.gnu" line 20: warning: Cannot find or open file "/mnt/c/Users/Asus/data_management_cw2_ethan_kevin/ethereum_data.csv"
Export successful: /mnt/c/Users/Asus/data_management_cw2_ethan_kevin/ethereum_data.csv
Export successful: /mnt/c/Users/Asus/data_management_cw2_ethan_kevin/solana_data.csv
Export successful: /mnt/c/Users/Asus/data_management_cw2_ethan_kevin/bitcoin_data.csv
Data inserted successfully.
Data inserted successfully.
Data inserted successfully.
Executing as: root
Executing as: root
Executing as: root
Enter password: Enter password: Enter password: Export successful: /mnt/c/Users/Asus/data_management_cw2_ethan_kevin/solana_data.csv
Export successful: /mnt/c/Users/Asus/data_management_cw2_ethan_kevin/ethereum_data.csv
Export successful: /mnt/c/Users/Asus/data_management_cw2_ethan_kevin/bitcoin_data.csv
Data inserted successfully.
Data inserted successfully.
Data inserted successfully.
